[2026-02-12T02:44:10.687Z] [INFO] === 리뷰 스케줄러 시작 ===
[2026-02-12T02:44:10.688Z] [INFO] 대상 계정 수: 20개
[2026-02-12T02:44:10.688Z] [INFO] 종료 시간: 오늘 밤 24시 (자정)
[2026-02-12T02:44:10.688Z] [INFO] 
=== 스케줄 ===
[2026-02-12T02:44:10.701Z] [INFO] 1. 2026. 2. 12. AM 11:44:10 - 서지영 (green4187)
[2026-02-12T02:44:10.701Z] [INFO] 2. 2026. 2. 12. PM 12:21:10 - 오선미 (bom7997)
[2026-02-12T02:44:10.701Z] [INFO] 3. 2026. 2. 12. PM 1:11:10 - 정태호 (sunmi8008)
[2026-02-12T02:44:10.701Z] [INFO] 4. 2026. 2. 12. PM 1:26:10 - 문정순 (health9795)
[2026-02-12T02:44:10.701Z] [INFO] 5. 2026. 2. 12. PM 2:42:10 - 한소영 (sunmi3293)
[2026-02-12T02:44:10.701Z] [INFO] 6. 2026. 2. 12. PM 3:04:10 - 송영미 (walkday1197)
[2026-02-12T02:44:10.701Z] [INFO] 7. 2026. 2. 12. PM 3:04:10 - 윤경미 (haru5356)
[2026-02-12T02:44:10.701Z] [INFO] 8. 2026. 2. 12. PM 4:12:10 - 장유진 (haengbok2193)
[2026-02-12T02:44:10.701Z] [INFO] 9. 2026. 2. 12. PM 5:24:10 - 신미숙 (junghee8299)
[2026-02-12T02:44:10.702Z] [INFO] 10. 2026. 2. 12. PM 5:26:10 - 구서연 (namu833)
[2026-02-12T02:44:10.702Z] [INFO] 11. 2026. 2. 12. PM 5:44:10 - 임현정 (ddalgi8915)
[2026-02-12T02:44:10.702Z] [INFO] 12. 2026. 2. 12. PM 5:46:10 - 송재영 (walkday5058)
[2026-02-12T02:44:10.702Z] [INFO] 13. 2026. 2. 12. PM 7:16:10 - 남하영 (bom3480)
[2026-02-12T02:44:10.702Z] [INFO] 14. 2026. 2. 12. PM 7:21:10 - 박정희 (yoga9969)
[2026-02-12T02:44:10.702Z] [INFO] 15. 2026. 2. 12. PM 7:27:10 - 오선미 (myhouse2180)
[2026-02-12T02:44:10.702Z] [INFO] 16. 2026. 2. 12. PM 7:50:10 - 한소영 (hyejin943)
[2026-02-12T02:44:10.702Z] [INFO] 17. 2026. 2. 12. PM 8:14:10 - 강경규 (kyungmi1961)
[2026-02-12T02:44:10.702Z] [INFO] 18. 2026. 2. 12. PM 8:57:10 - 안보경 (youngsuk6861)
[2026-02-12T02:44:10.702Z] [INFO] 19. 2026. 2. 13. AM 12:58:10 - 임현정 (gaeul1072)
[2026-02-12T02:44:10.702Z] [INFO] 20. 2026. 2. 13. AM 1:06:10 - 이동훈 (myhouse1380)
[2026-02-12T02:44:10.702Z] [INFO] 
=== 실행 시작 ===
[2026-02-12T02:44:10.702Z] [INFO] 
[1/20] 서지영 (green4187) 리뷰 작성 중...
[2026-02-12T02:44:10.702Z] [INFO] 타입: family
[2026-02-12T02:44:10.702Z] [INFO] 제목: 자식들이 챙겨줘서 감사합니다
[2026-02-12T02:44:12.373Z] [INFO] [서지영] 리뷰 작성 시작
[2026-02-12T02:44:12.374Z] [INFO] 로그인 페이지 이동... (green4187)
[2026-02-12T02:44:14.763Z] [INFO] 아이디 입력: green4187
[2026-02-12T02:44:15.012Z] [INFO] 비밀번호 입력
[2026-02-12T02:44:15.247Z] [INFO] 로그인 버튼 클릭
[2026-02-12T02:44:18.414Z] [SUCCESS] 로그인 완료: green4187
[2026-02-12T02:44:18.415Z] [INFO] 제품 페이지 이동...
[2026-02-12T02:44:21.680Z] [SUCCESS] 제품 페이지 도달: 한려담원 흑염소 진액 | 한려담원
[2026-02-12T02:44:21.680Z] [INFO] 리뷰 작성 버튼 클릭
[2026-02-12T02:44:24.534Z] [SUCCESS] 리뷰 작성 페이지 도달
[2026-02-12T02:44:24.534Z] [INFO] 제목 입력: 자식들이 챙겨줘서 감사합니다
[2026-02-12T02:44:24.845Z] [INFO] 본문 입력
[2026-02-12T02:44:27.368Z] [SUCCESS] 본문 입력 완료
[2026-02-12T02:44:27.368Z] [INFO] 등록 버튼 클릭
[2026-02-12T02:44:27.491Z] [INFO] [팝업] alert: 해당 상품에 대한 글을 이미 작성하셨습니다.
[2026-02-12T02:44:32.373Z] [ERROR] 리뷰 작성 실패: 리뷰 등록 실패 - 작성 페이지에서 벗어나지 못함
[2026-02-12T02:44:32.374Z] [ERROR] [서지영] 실패: 리뷰 등록 실패 - 작성 페이지에서 벗어나지 못함
[2026-02-12T02:45:50.395Z] [INFO] 다음 실행까지 35분 대기 중... (PM 12:21:10)
